2026-03-12 19:25:12,794 [INFO] root: Logging to pddl_output/phase3/phase3.log
2026-03-12 19:25:12,796 [INFO] Phase3.Config: Auto-scaled EW params for 571 actions: walks=57, depth=8 (~456 total steps/iteration)
2026-03-12 19:25:12,797 [INFO] Phase3.DomainRefiner: Initializing DomainRefiner components...
2026-03-12 19:25:12,947 [INFO] Phase3.DockerExecutor: Starting container with image: pddl-sandbox:latest
2026-03-12 19:25:13,520 [INFO] Phase3.DockerExecutor: Container started: 3eeeecf344f7
2026-03-12 19:25:13,545 [INFO] Phase3.PlannerWrapper: Parsed domain 'sysadmin' with 571 actions
2026-03-12 19:25:14,272 [INFO] Phase3.DomainRefiner: DomainRefiner initialized
2026-03-12 19:25:14,272 [INFO] Phase3.DomainRefiner: Starting refinement loop (target: 0.9, max_iter: 10)
2026-03-12 19:25:14,272 [INFO] Phase3.DomainRefiner: 
============================================================
Iteration 1/10
============================================================
2026-03-12 19:25:14,272 [INFO] Phase3.DomainRefiner: Calculating EW score with N=57, T_max=8
2026-03-12 19:25:14,507 [INFO] Phase3.PDDLSimulator: Parsed 571 actions from domain
2026-03-12 19:25:14,518 [INFO] Phase3.PDDLSimulator: Initial state has 1171 ground facts
2026-03-12 19:25:15,112 [INFO] Phase3.DomainRefiner: Walk 1/57: 7/8 steps successful (score: 0.875)
2026-03-12 19:25:25,448 [INFO] Phase3.DockerExecutor: Container reset to clean state
2026-03-12 19:25:25,665 [INFO] Phase3.PDDLSimulator: Parsed 571 actions from domain
2026-03-12 19:25:25,674 [INFO] Phase3.PDDLSimulator: Initial state has 1171 ground facts
2026-03-12 19:25:25,700 [WARNING] Phase3.DockerExecutor: Blocked dangerous command: userdel --force messagebus
2026-03-12 19:25:26,239 [INFO] Phase3.DomainRefiner: Walk 2/57: 2/8 steps successful (score: 0.250)
2026-03-12 19:25:36,564 [INFO] Phase3.DockerExecutor: Container reset to clean state
2026-03-12 19:25:36,779 [INFO] Phase3.PDDLSimulator: Parsed 571 actions from domain
2026-03-12 19:25:36,788 [INFO] Phase3.PDDLSimulator: Initial state has 1171 ground facts
2026-03-12 19:25:37,412 [INFO] Phase3.DomainRefiner: Walk 3/57: 4/8 steps successful (score: 0.500)
2026-03-12 19:25:47,737 [INFO] Phase3.DockerExecutor: Container reset to clean state
2026-03-12 19:25:47,954 [INFO] Phase3.PDDLSimulator: Parsed 571 actions from domain
2026-03-12 19:25:47,964 [INFO] Phase3.PDDLSimulator: Initial state has 1171 ground facts
